  console.log
    [FILTER] Rejected ORACLE_RES for Sybil Threshold: test_sybil has 50 tokens (Min: 100)

      at log (consensus.js:118:21)

  console.log
    [OUTLIER] Rejected ORACLE_RES from malicious. Price: 500, Median: 100, StdDev: 160.00

      at log (consensus.js:145:21)

  console.warn
    [SLASHING] Offense recorded for malicious. Total offenses: 1/3

    [0m [90m 27 |[39m         console[33m.[39mwarn([32m`[SLASHING] \x1b[31mPeer ${peerId} has been blacklisted for repeated outliers.\x1b[0m`[39m)[33m;[39m
     [90m 28 |[39m     } [36melse[39m {
    [31m[1m>[22m[39m[90m 29 |[39m         console[33m.[39mwarn([32m`[SLASHING] Offense recorded for ${peerId}. Total offenses: ${record.offenses}/${SLASHING_THRESHOLD}`[39m)[33m;[39m
     [90m    |[39m                 [31m[1m^[22m[39m
     [90m 30 |[39m     }
     [90m 31 |[39m     peerReputationDb[33m.[39m[36mset[39m(peerId[33m,[39m record)[33m;[39m
     [90m 32 |[39m }[0m

      at warn (consensus.js:29:17)
      at recordSlashingOffense (consensus.js:146:13)
      at Object.processOracleConsensus (consensus.test.js:38:28)

  console.log
    [OUTLIER] Rejected ORACLE_RES from bad_actor. Price: 9999, Median: 100.5, StdDev: 4286.25

      at log (consensus.js:145:21)

  console.warn
    [SLASHING] Offense recorded for bad_actor. Total offenses: 1/3

    [0m [90m 27 |[39m         console[33m.[39mwarn([32m`[SLASHING] \x1b[31mPeer ${peerId} has been blacklisted for repeated outliers.\x1b[0m`[39m)[33m;[39m
     [90m 28 |[39m     } [36melse[39m {
    [31m[1m>[22m[39m[90m 29 |[39m         console[33m.[39mwarn([32m`[SLASHING] Offense recorded for ${peerId}. Total offenses: ${record.offenses}/${SLASHING_THRESHOLD}`[39m)[33m;[39m
     [90m    |[39m                 [31m[1m^[22m[39m
     [90m 30 |[39m     }
     [90m 31 |[39m     peerReputationDb[33m.[39m[36mset[39m(peerId[33m,[39m record)[33m;[39m
     [90m 32 |[39m }[0m

      at warn (consensus.js:29:17)
      at recordSlashingOffense (consensus.js:146:13)
      at processOracleConsensus (consensus.test.js:57:26)
      at Object.<anonymous> (node_modules/expect/build/index.js:1824:9)
      at Object.throwingMatcher [as toThrow] (node_modules/expect/build/index.js:2235:93)
      at Object.toThrow (consensus.test.js:57:67)

  console.log
    [OUTLIER] Rejected ORACLE_RES from bad_actor. Price: 9999, Median: 100.5, StdDev: 4286.25

      at log (consensus.js:145:21)

  console.warn
    [SLASHING] Offense recorded for bad_actor. Total offenses: 2/3

    [0m [90m 27 |[39m         console[33m.[39mwarn([32m`[SLASHING] \x1b[31mPeer ${peerId} has been blacklisted for repeated outliers.\x1b[0m`[39m)[33m;[39m
     [90m 28 |[39m     } [36melse[39m {
    [31m[1m>[22m[39m[90m 29 |[39m         console[33m.[39mwarn([32m`[SLASHING] Offense recorded for ${peerId}. Total offenses: ${record.offenses}/${SLASHING_THRESHOLD}`[39m)[33m;[39m
     [90m    |[39m                 [31m[1m^[22m[39m
     [90m 30 |[39m     }
     [90m 31 |[39m     peerReputationDb[33m.[39m[36mset[39m(peerId[33m,[39m record)[33m;[39m
     [90m 32 |[39m }[0m

      at warn (consensus.js:29:17)
      at recordSlashingOffense (consensus.js:146:13)
      at processOracleConsensus (consensus.test.js:59:26)
      at Object.<anonymous> (node_modules/expect/build/index.js:1824:9)
      at Object.throwingMatcher [as toThrow] (node_modules/expect/build/index.js:2235:93)
      at Object.toThrow (consensus.test.js:59:67)

  console.log
    [OUTLIER] Rejected ORACLE_RES from bad_actor. Price: 9999, Median: 100.5, StdDev: 4286.25

      at log (consensus.js:145:21)

  console.warn
    [SLASHING] [31mPeer bad_actor has been blacklisted for repeated outliers.[0m

    [0m [90m 25 |[39m     [36mif[39m (record[33m.[39moffenses [33m>=[39m [33mSLASHING_THRESHOLD[39m) {
     [90m 26 |[39m         record[33m.[39mblacklisted [33m=[39m [36mtrue[39m[33m;[39m
    [31m[1m>[22m[39m[90m 27 |[39m         console[33m.[39mwarn([32m`[SLASHING] \x1b[31mPeer ${peerId} has been blacklisted for repeated outliers.\x1b[0m`[39m)[33m;[39m
     [90m    |[39m                 [31m[1m^[22m[39m
     [90m 28 |[39m     } [36melse[39m {
     [90m 29 |[39m         console[33m.[39mwarn([32m`[SLASHING] Offense recorded for ${peerId}. Total offenses: ${record.offenses}/${SLASHING_THRESHOLD}`[39m)[33m;[39m
     [90m 30 |[39m     }[0m

      at warn (consensus.js:27:17)
      at recordSlashingOffense (consensus.js:146:13)
      at processOracleConsensus (consensus.test.js:61:26)
      at Object.<anonymous> (node_modules/expect/build/index.js:1824:9)
      at Object.throwingMatcher [as toThrow] (node_modules/expect/build/index.js:2235:93)
      at Object.toThrow (consensus.test.js:61:67)

  console.log
    [FILTER] Rejected ORACLE_RES from blacklisted PeerID: bad_actor

      at log (consensus.js:112:21)

  console.log
    [OUTLIER] Rejected ORACLE_RES from peer_c. Price: 101, Median: 100, StdDev: 0.47

      at log (consensus.js:145:21)

  console.warn
    [SLASHING] Offense recorded for peer_c. Total offenses: 1/3

    [0m [90m 27 |[39m         console[33m.[39mwarn([32m`[SLASHING] \x1b[31mPeer ${peerId} has been blacklisted for repeated outliers.\x1b[0m`[39m)[33m;[39m
     [90m 28 |[39m     } [36melse[39m {
    [31m[1m>[22m[39m[90m 29 |[39m         console[33m.[39mwarn([32m`[SLASHING] Offense recorded for ${peerId}. Total offenses: ${record.offenses}/${SLASHING_THRESHOLD}`[39m)[33m;[39m
     [90m    |[39m                 [31m[1m^[22m[39m
     [90m 30 |[39m     }
     [90m 31 |[39m     peerReputationDb[33m.[39m[36mset[39m(peerId[33m,[39m record)[33m;[39m
     [90m 32 |[39m }[0m

      at warn (consensus.js:29:17)
      at recordSlashingOffense (consensus.js:146:13)
      at Object.processOracleConsensus (consensus.test.js:67:42)

node.exe : FAIL 
./consensus.test.js
At C:\Program Files\nod
ejs\npx.ps1:29 char:3
+   & $NODE_EXE 
$NPX_CLI_JS $args
+   ~~~~~~~~~~~~~~~~~~~
~~~~~~~~~~
    + CategoryInfo     
         : NotSpecifi  
  ed: (FAIL ./consen   
 sus.test.js:String    
) [], RemoteExcept    
ion
    + FullyQualifiedEr 
   rorId : NativeComm  
  andError
 
  Oracle Consensus 
Mechanism
    
calculateWeightedMedian
      ΓêÜ calculates 
the median correctly 
based on weight (3 ms)
      ΓêÜ returns 0 
for empty arrays
    
processOracleConsensus
      ΓêÜ filters 
Sybil peers (below 
minimum stake bounds) 
(39 ms)
      ΓêÜ identifies 
and filters single 
outlier correctly (8 
ms)
      ├ù drops peers 
after repeated 
slashing offenses 
(blacklist) (21 ms)

  ΓùÅ Oracle Consensus 
Mechanism ΓÇ║ 
processOracleConsensus 
ΓÇ║ drops peers after 
repeated slashing 
offenses (blacklist)

    expect(received).to
Be(expected) // 
Object.is equality

    Expected: 3
    Received: 2

    [0m [90m 67 
|[39m             
[36mconst[39m 
resultAfterBlacklist 
[33m=[39m processOrac
leConsensus(submissions
)[33m;[39m
     [90m 68 |[39m   
          [90m// Only 
peer_a, peer_b, peer_c 
shouldn't be 
affected[39m
    [31m[1m>[22m[39
m[90m 69 |[39m       
      expect(resultAfte
rBlacklist[33m.[39mpa
rticipants)[33m.[39mt
oBe([35m3[39m)[33m;
[39m
     [90m    |[39m   
                       
                       
      
[31m[1m^[22m[39m
     [90m 70 |[39m   
      })[33m;[39m
     [90m 71 |[39m   
  })[33m;[39m
     [90m 72 |[39m 
})[33m;[39m[0m

      at Object.toBe (c
onsensus.test.js:69:55)

Test Suites: 1 failed, 
1 total
Tests:       1 failed, 
4 passed, 5 total
Snapshots:   0 total
Time:        0.386 s, 
estimated 1 s
Ran all test suites.
